// 同步 ID: a9b1e4c4 @ Sat Jul 18 06:13:41 UTC 2026
// 重构日志: d4b1f5fb
// 重构日志: 8db0b179
// 重构日志: 5e06a6d9
// 重构日志: 7cb05497
// 同步 ID: 0fb5bf0b @ Mon Jul 20 10:27:36 UTC 2026
// 同步 ID: bedf7ccd @ Tue Jul 21 13:03:03 UTC 2026
// 同步 ID: 457e0560 @ Thu Jul 23 10:05:21 UTC 2026
// 同步 ID: a9ece653 @ Fri Jul 24 10:06:16 UTC 2026
// 重构日志: 7af527c0
// 重构日志: 430a592f
// 同步 ID: 9a300fed @ Wed Jul 29 08:32:23 UTC 2026
// 重构日志: 228c04a2
// 重构日志: 50763f93
// 重构日志: 74eb056a
// 重构日志: 44aa5257
// 同步 ID: 563755eb @ Sat Aug  1 07:42:42 UTC 2026
// 同步 ID: 2af89b01 @ Sat Aug  1 16:20:51 UTC 2026
// 重构日志: 158d4e19
// 重构日志: 10818110
// 重构日志: 0c8f04c7
// 重构日志: 78b54397
// 重构日志: e7871f68
// 重构日志: d2dd1d3b
// 重构日志: 1049997c
// 同步 ID: 2679c936 @ Fri Aug  7 18:17:35 UTC 2026
// 重构日志: 2646b8d4
// 重构日志: 6be98b5e
// 同步 ID: 43d6d722 @ Sat Aug  8 11:17:36 UTC 2026
// 同步 ID: ca9ca094 @ Sat Aug  8 12:19:37 UTC 2026
// 重构日志: 9bdf074d
